Category: 📺央视频道, Name: CCTV-1, Total: 70, Valid: 32, Valid Percent: 45.71%, Whitelist: 0, IPv4: 3, IPv6: 67, Min Delay: 0.1 ms, Max Speed: 16.59 M/s, Avg Speed: 0.84 M/s, Max Resolution: 1920x1080
Category: 📺央视频道, Name: CCTV-2, Total: 88, Valid: 56, Valid Percent: 63.64%, Whitelist: 0, IPv4: 2, IPv6: 86, Min Delay: 0.1 ms, Max Speed: 8.22 M/s, Avg Speed: 0.15 M/s, Max Resolution: 1920x1080
Category: 📺央视频道, Name: CCTV-3, Total: 78, Valid: 44, Valid Percent: 56.41%, Whitelist: 0, IPv4: 3, IPv6: 75, Min Delay: 0.1 ms, Max Speed: 11.03 M/s, Avg Speed: 0.36 M/s, Max Resolution: 1920x1080
Category: 📺央视频道, Name: CCTV-4, Total: 119, Valid: 54, Valid Percent: 45.38%, Whitelist: 0, IPv4: 4, IPv6: 115, Min Delay: 0.1 ms, Max Speed: 10.92 M/s, Avg Speed: 0.39 M/s, Max Resolution: 1920x1080
Category: 📺央视频道, Name: CCTV-5, Total: 107, Valid: 29, Valid Percent: 27.10%, Whitelist: 0, IPv4: 6, IPv6: 101, Min Delay: 0.1 ms, Max Speed: 15.48 M/s, Avg Speed: 1.55 M/s, Max Resolution: 1920x1080
Category: 📺央视频道, Name: CCTV-5+, Total: 44, Valid: 29, Valid Percent: 65.91%, Whitelist: 0, IPv4: 1, IPv6: 43, Min Delay: 0.1 ms, Max Speed: 11.69 M/s, Avg Speed: 0.40 M/s, Max Resolution: 1920x1080
Category: 📺央视频道, Name: CCTV-6, Total: 65, Valid: 27, Valid Percent: 41.54%, Whitelist: 0, IPv4: 4, IPv6: 61, Min Delay: 0.1 ms, Max Speed: 18.43 M/s, Avg Speed: 1.23 M/s, Max Resolution: 1920x1080
Category: 📺央视频道, Name: CCTV-7, Total: 84, Valid: 51, Valid Percent: 60.71%, Whitelist: 0, IPv4: 4, IPv6: 80, Min Delay: 0.1 ms, Max Speed: 14.03 M/s, Avg Speed: 0.50 M/s, Max Resolution: 1920x1080
Category: 📺央视频道, Name: CCTV-8, Total: 73, Valid: 37, Valid Percent: 50.68%, Whitelist: 0, IPv4: 1, IPv6: 72, Min Delay: 0.1 ms, Max Speed: 2.60 M/s, Avg Speed: 0.07 M/s, Max Resolution: 1920x1080
Category: 📺央视频道, Name: CCTV-9, Total: 82, Valid: 45, Valid Percent: 54.88%, Whitelist: 0, IPv4: 1, IPv6: 81, Min Delay: 0.1 ms, Max Speed: 11.27 M/s, Avg Speed: 0.25 M/s, Max Resolution: 1920x1080
Category: 📺央视频道, Name: CCTV-10, Total: 84, Valid: 49, Valid Percent: 58.33%, Whitelist: 0, IPv4: 4, IPv6: 80, Min Delay: 0.1 ms, Max Speed: 15.79 M/s, Avg Speed: 0.63 M/s, Max Resolution: 1920x1080
Category: 📺央视频道, Name: CCTV-11, Total: 92, Valid: 56, Valid Percent: 60.87%, Whitelist: 0, IPv4: 3, IPv6: 89, Min Delay: 0.1 ms, Max Speed: 9.01 M/s, Avg Speed: 0.24 M/s, Max Resolution: 1920x1080
Category: 📺央视频道, Name: CCTV-12, Total: 87, Valid: 52, Valid Percent: 59.77%, Whitelist: 0, IPv4: 2, IPv6: 85, Min Delay: 0.1 ms, Max Speed: 8.03 M/s, Avg Speed: 0.27 M/s, Max Resolution: 1920x1080
Category: 📺央视频道, Name: CCTV-13, Total: 64, Valid: 30, Valid Percent: 46.88%, Whitelist: 0, IPv4: 1, IPv6: 63, Min Delay: 0.1 ms, Max Speed: 10.84 M/s, Avg Speed: 0.36 M/s, Max Resolution: 1920x1080
Category: 📺央视频道, Name: CCTV-14, Total: 69, Valid: 28, Valid Percent: 40.58%, Whitelist: 0, IPv4: 1, IPv6: 68, Min Delay: 0.1 ms, Max Speed: 1.19 M/s, Avg Speed: 0.04 M/s, Max Resolution: 1920x1080
Category: 📺央视频道, Name: CCTV-15, Total: 84, Valid: 51, Valid Percent: 60.71%, Whitelist: 0, IPv4: 0, IPv6: 84, Min Delay: 0.1 ms, Max Speed: 0.00 M/s, Avg Speed: 0.00 M/s, Max Resolution: 1920x1080
Category: 📺央视频道, Name: CCTV-16, Total: 47, Valid: 25, Valid Percent: 53.19%, Whitelist: 0, IPv4: 2, IPv6: 45, Min Delay: 0.1 ms, Max Speed: 15.05 M/s, Avg Speed: 1.02 M/s, Max Resolution: 1920x1080
Category: 📺央视频道, Name: CCTV-17, Total: 70, Valid: 34, Valid Percent: 48.57%, Whitelist: 0, IPv4: 3, IPv6: 67, Min Delay: 0.1 ms, Max Speed: 16.05 M/s, Avg Speed: 0.88 M/s, Max Resolution: 1920x1080
Category: 📺央视频道, Name: CETV-1, Total: 39, Valid: 2, Valid Percent: 5.13%, Whitelist: 0, IPv4: 2, IPv6: 37, Min Delay: 519 ms, Max Speed: 0.01 M/s, Avg Speed: 0.01 M/s, Max Resolution: 1920x1080
Category: 📺央视频道, Name: CETV-2, Total: 31, Valid: 0, Valid Percent: 0.00%, Whitelist: 0, IPv4: 0, IPv6: 31, Min Delay: -1 ms, Max Speed: 0.00 M/s, Avg Speed: 0.00 M/s, Max Resolution: None
Category: 📺央视频道, Name: CETV-3, Total: 6, Valid: 0, Valid Percent: 0.00%, Whitelist: 0, IPv4: 0, IPv6: 6, Min Delay: -1 ms, Max Speed: 0.00 M/s, Avg Speed: 0.00 M/s, Max Resolution: None
Category: 📺央视频道, Name: CETV-4, Total: 33, Valid: 1, Valid Percent: 3.03%, Whitelist: 0, IPv4: 1, IPv6: 32, Min Delay: 513 ms, Max Speed: 0.01 M/s, Avg Speed: 0.01 M/s, Max Resolution: 1920x1080
Category: 📡卫视频道, Name: 广东卫视, Total: 100, Valid: 59, Valid Percent: 59.00%, Whitelist: 0, IPv4: 3, IPv6: 97, Min Delay: 0.1 ms, Max Speed: 6.20 M/s, Avg Speed: 0.18 M/s, Max Resolution: 1920x1080
Category: 📡卫视频道, Name: 香港卫视, Total: 13, Valid: 5, Valid Percent: 38.46%, Whitelist: 0, IPv4: 0, IPv6: 13, Min Delay: 0.1 ms, Max Speed: 0.00 M/s, Avg Speed: 0.00 M/s, Max Resolution: 1920x1080
Category: 📡卫视频道, Name: 浙江卫视, Total: 130, Valid: 74, Valid Percent: 56.92%, Whitelist: 0, IPv4: 6, IPv6: 124, Min Delay: 0.1 ms, Max Speed: 14.90 M/s, Avg Speed: 0.53 M/s, Max Resolution: 1920x1080
Category: 📡卫视频道, Name: 湖南卫视, Total: 108, Valid: 62, Valid Percent: 57.41%, Whitelist: 0, IPv4: 6, IPv6: 102, Min Delay: 0.1 ms, Max Speed: 11.17 M/s, Avg Speed: 0.44 M/s, Max Resolution: 3840x2160
Category: 📡卫视频道, Name: 北京卫视, Total: 99, Valid: 54, Valid Percent: 54.55%, Whitelist: 0, IPv4: 2, IPv6: 97, Min Delay: 0.1 ms, Max Speed: 4.51 M/s, Avg Speed: 0.16 M/s, Max Resolution: 1920x1080
Category: 📡卫视频道, Name: 湖北卫视, Total: 104, Valid: 65, Valid Percent: 62.50%, Whitelist: 0, IPv4: 2, IPv6: 102, Min Delay: 0.1 ms, Max Speed: 15.56 M/s, Avg Speed: 0.31 M/s, Max Resolution: 1920x1080
Category: 📡卫视频道, Name: 黑龙江卫视, Total: 83, Valid: 60, Valid Percent: 72.29%, Whitelist: 0, IPv4: 2, IPv6: 81, Min Delay: 0.1 ms, Max Speed: 7.47 M/s, Avg Speed: 0.17 M/s, Max Resolution: 1920x1080
Category: 📡卫视频道, Name: 安徽卫视, Total: 82, Valid: 61, Valid Percent: 74.39%, Whitelist: 0, IPv4: 3, IPv6: 79, Min Delay: 0.1 ms, Max Speed: 9.32 M/s, Avg Speed: 0.21 M/s, Max Resolution: 1920x1080
Category: 📡卫视频道, Name: 重庆卫视, Total: 80, Valid: 58, Valid Percent: 72.50%, Whitelist: 0, IPv4: 3, IPv6: 77, Min Delay: 0.1 ms, Max Speed: 12.07 M/s, Avg Speed: 0.28 M/s, Max Resolution: 1920x1080
Category: 📡卫视频道, Name: 东方卫视, Total: 98, Valid: 52, Valid Percent: 53.06%, Whitelist: 0, IPv4: 4, IPv6: 94, Min Delay: 0.1 ms, Max Speed: 10.00 M/s, Avg Speed: 0.50 M/s, Max Resolution: 1920x1080
Category: 📡卫视频道, Name: 东南卫视, Total: 66, Valid: 42, Valid Percent: 63.64%, Whitelist: 0, IPv4: 4, IPv6: 62, Min Delay: 0.1 ms, Max Speed: 16.06 M/s, Avg Speed: 0.49 M/s, Max Resolution: 1920x1080
Category: 📡卫视频道, Name: 甘肃卫视, Total: 43, Valid: 25, Valid Percent: 58.14%, Whitelist: 0, IPv4: 1, IPv6: 42, Min Delay: 0.1 ms, Max Speed: 6.97 M/s, Avg Speed: 0.28 M/s, Max Resolution: 1920x1080
Category: 📡卫视频道, Name: 广西卫视, Total: 55, Valid: 38, Valid Percent: 69.09%, Whitelist: 0, IPv4: 4, IPv6: 51, Min Delay: 0.1 ms, Max Speed: 14.09 M/s, Avg Speed: 0.63 M/s, Max Resolution: 1920x1080
Category: 📡卫视频道, Name: 贵州卫视, Total: 57, Valid: 36, Valid Percent: 63.16%, Whitelist: 0, IPv4: 2, IPv6: 55, Min Delay: 0.1 ms, Max Speed: 7.59 M/s, Avg Speed: 0.34 M/s, Max Resolution: 1920x1080
Category: 📡卫视频道, Name: 海南卫视, Total: 88, Valid: 34, Valid Percent: 38.64%, Whitelist: 0, IPv4: 0, IPv6: 88, Min Delay: 0.1 ms, Max Speed: 0.00 M/s, Avg Speed: 0.00 M/s, Max Resolution: 1920x1080
Category: 📡卫视频道, Name: 河北卫视, Total: 66, Valid: 43, Valid Percent: 65.15%, Whitelist: 0, IPv4: 2, IPv6: 64, Min Delay: 0.1 ms, Max Speed: 4.40 M/s, Avg Speed: 0.10 M/s, Max Resolution: 1920x1080
Category: 📡卫视频道, Name: 河南卫视, Total: 86, Valid: 50, Valid Percent: 58.14%, Whitelist: 0, IPv4: 3, IPv6: 83, Min Delay: 0.1 ms, Max Speed: 14.08 M/s, Avg Speed: 0.36 M/s, Max Resolution: 1920x1080
Category: 📡卫视频道, Name: 吉林卫视, Total: 90, Valid: 52, Valid Percent: 57.78%, Whitelist: 0, IPv4: 2, IPv6: 88, Min Delay: 0.1 ms, Max Speed: 10.41 M/s, Avg Speed: 0.27 M/s, Max Resolution: 1920x1080
Category: 📡卫视频道, Name: 江苏卫视, Total: 97, Valid: 58, Valid Percent: 59.79%, Whitelist: 0, IPv4: 3, IPv6: 94, Min Delay: 0.1 ms, Max Speed: 15.15 M/s, Avg Speed: 0.26 M/s, Max Resolution: 1920x1080
Category: 📡卫视频道, Name: 江西卫视, Total: 98, Valid: 57, Valid Percent: 58.16%, Whitelist: 0, IPv4: 2, IPv6: 96, Min Delay: 0.1 ms, Max Speed: 4.02 M/s, Avg Speed: 0.07 M/s, Max Resolution: 1920x1080
Category: 📡卫视频道, Name: 辽宁卫视, Total: 84, Valid: 42, Valid Percent: 50.00%, Whitelist: 0, IPv4: 4, IPv6: 80, Min Delay: 0.1 ms, Max Speed: 13.60 M/s, Avg Speed: 0.46 M/s, Max Resolution: 1920x1080
Category: 📡卫视频道, Name: 内蒙古卫视, Total: 57, Valid: 22, Valid Percent: 38.60%, Whitelist: 0, IPv4: 1, IPv6: 56, Min Delay: 0.1 ms, Max Speed: 2.59 M/s, Avg Speed: 0.12 M/s, Max Resolution: 1920x1080
Category: 📡卫视频道, Name: 宁夏卫视, Total: 35, Valid: 21, Valid Percent: 60.00%, Whitelist: 0, IPv4: 1, IPv6: 34, Min Delay: 0.1 ms, Max Speed: 7.76 M/s, Avg Speed: 0.37 M/s, Max Resolution: 1920x1080
Category: 📡卫视频道, Name: 青海卫视, Total: 63, Valid: 26, Valid Percent: 41.27%, Whitelist: 0, IPv4: 3, IPv6: 60, Min Delay: 0.1 ms, Max Speed: 8.16 M/s, Avg Speed: 0.60 M/s, Max Resolution: 1920x1080
Category: 📡卫视频道, Name: 山东卫视, Total: 66, Valid: 44, Valid Percent: 66.67%, Whitelist: 0, IPv4: 3, IPv6: 63, Min Delay: 0.1 ms, Max Speed: 11.50 M/s, Avg Speed: 0.43 M/s, Max Resolution: 1920x1080
Category: 📡卫视频道, Name: 山西卫视, Total: 31, Valid: 15, Valid Percent: 48.39%, Whitelist: 0, IPv4: 3, IPv6: 28, Min Delay: 0.1 ms, Max Speed: 6.07 M/s, Avg Speed: 1.02 M/s, Max Resolution: 1920x1080
Category: 📡卫视频道, Name: 陕西卫视, Total: 49, Valid: 13, Valid Percent: 26.53%, Whitelist: 0, IPv4: 2, IPv6: 47, Min Delay: 0.1 ms, Max Speed: 10.00 M/s, Avg Speed: 1.06 M/s, Max Resolution: 1920x1080
Category: 📡卫视频道, Name: 四川卫视, Total: 51, Valid: 31, Valid Percent: 60.78%, Whitelist: 0, IPv4: 1, IPv6: 50, Min Delay: 0.1 ms, Max Speed: 4.43 M/s, Avg Speed: 0.14 M/s, Max Resolution: 1920x1080
Category: 📡卫视频道, Name: 深圳卫视, Total: 57, Valid: 35, Valid Percent: 61.40%, Whitelist: 0, IPv4: 2, IPv6: 55, Min Delay: 0.1 ms, Max Speed: 10.62 M/s, Avg Speed: 0.38 M/s, Max Resolution: 1920x1080
Category: 📡卫视频道, Name: 三沙卫视, Total: 38, Valid: 13, Valid Percent: 34.21%, Whitelist: 0, IPv4: 2, IPv6: 36, Min Delay: 0.1 ms, Max Speed: 8.06 M/s, Avg Speed: 0.64 M/s, Max Resolution: 1920x1080
Category: 📡卫视频道, Name: 天津卫视, Total: 62, Valid: 42, Valid Percent: 67.74%, Whitelist: 0, IPv4: 2, IPv6: 60, Min Delay: 0.1 ms, Max Speed: 5.71 M/s, Avg Speed: 0.23 M/s, Max Resolution: 1920x1080
Category: 📡卫视频道, Name: 西藏卫视, Total: 35, Valid: 21, Valid Percent: 60.00%, Whitelist: 0, IPv4: 0, IPv6: 35, Min Delay: 0.1 ms, Max Speed: 0.00 M/s, Avg Speed: 0.00 M/s, Max Resolution: 1920x1080
Category: 📡卫视频道, Name: 新疆卫视, Total: 39, Valid: 21, Valid Percent: 53.85%, Whitelist: 0, IPv4: 0, IPv6: 39, Min Delay: 0.1 ms, Max Speed: 0.00 M/s, Avg Speed: 0.00 M/s, Max Resolution: 1920x1080
Category: 📡卫视频道, Name: 云南卫视, Total: 45, Valid: 26, Valid Percent: 57.78%, Whitelist: 0, IPv4: 2, IPv6: 43, Min Delay: 0.1 ms, Max Speed: 4.89 M/s, Avg Speed: 0.31 M/s, Max Resolution: 1920x1080
Category: 💰央视数字频道, Name: 文化精品, Total: 2, Valid: 0, Valid Percent: 0.00%, Whitelist: 0, IPv4: 0, IPv6: 2, Min Delay: -1 ms, Max Speed: 0.00 M/s, Avg Speed: 0.00 M/s, Max Resolution: None
Category: 💰央视数字频道, Name: 央视台球, Total: 3, Valid: 0, Valid Percent: 0.00%, Whitelist: 0, IPv4: 0, IPv6: 3, Min Delay: -1 ms, Max Speed: 0.00 M/s, Avg Speed: 0.00 M/s, Max Resolution: None
Category: 💰央视数字频道, Name: 风云音乐, Total: 3, Valid: 1, Valid Percent: 33.33%, Whitelist: 0, IPv4: 1, IPv6: 2, Min Delay: 408 ms, Max Speed: 9.42 M/s, Avg Speed: 9.42 M/s, Max Resolution: 1920x1080
Category: 💰央视数字频道, Name: 第一剧场, Total: 6, Valid: 1, Valid Percent: 16.67%, Whitelist: 0, IPv4: 1, IPv6: 5, Min Delay: 3000 ms, Max Speed: 0.05 M/s, Avg Speed: 0.05 M/s, Max Resolution: None
Category: 💰央视数字频道, Name: 风云剧场, Total: 2, Valid: 0, Valid Percent: 0.00%, Whitelist: 0, IPv4: 0, IPv6: 2, Min Delay: -1 ms, Max Speed: 0.00 M/s, Avg Speed: 0.00 M/s, Max Resolution: None
Category: 💰央视数字频道, Name: 怀旧剧场, Total: 3, Valid: 1, Valid Percent: 33.33%, Whitelist: 0, IPv4: 1, IPv6: 2, Min Delay: 655 ms, Max Speed: 6.89 M/s, Avg Speed: 6.89 M/s, Max Resolution: 1920x1080
Category: 💰央视数字频道, Name: 女性时尚, Total: 2, Valid: 1, Valid Percent: 50.00%, Whitelist: 0, IPv4: 1, IPv6: 1, Min Delay: 682 ms, Max Speed: 7.74 M/s, Avg Speed: 7.74 M/s, Max Resolution: 1920x1080
Category: 💰央视数字频道, Name: 高尔夫网球, Total: 3, Valid: 1, Valid Percent: 33.33%, Whitelist: 0, IPv4: 1, IPv6: 2, Min Delay: 1112 ms, Max Speed: 3.44 M/s, Avg Speed: 3.44 M/s, Max Resolution: 1920x1080
Category: 💰央视数字频道, Name: 风云足球, Total: 5, Valid: 1, Valid Percent: 20.00%, Whitelist: 0, IPv4: 1, IPv6: 4, Min Delay: 526 ms, Max Speed: 8.77 M/s, Avg Speed: 8.77 M/s, Max Resolution: 1920x1080
Category: 💰央视数字频道, Name: 电视指南, Total: 2, Valid: 1, Valid Percent: 50.00%, Whitelist: 0, IPv4: 1, IPv6: 1, Min Delay: 1616 ms, Max Speed: 2.44 M/s, Avg Speed: 2.44 M/s, Max Resolution: 1920x1080
Category: 💰央视数字频道, Name: 世界地理, Total: 2, Valid: 2, Valid Percent: 100.00%, Whitelist: 0, IPv4: 2, IPv6: 0, Min Delay: 426 ms, Max Speed: 10.99 M/s, Avg Speed: 9.99 M/s, Max Resolution: 1920x1080
Category: 💰央视数字频道, Name: 兵器科技, Total: 3, Valid: 1, Valid Percent: 33.33%, Whitelist: 0, IPv4: 1, IPv6: 2, Min Delay: 507 ms, Max Speed: 8.24 M/s, Avg Speed: 8.24 M/s, Max Resolution: 1920x1080
Category: ☘️北京频道, Name: 北京卡酷少儿, Total: 28, Valid: 0, Valid Percent: 0.00%, Whitelist: 0, IPv4: 0, IPv6: 28, Min Delay: -1 ms, Max Speed: 0.00 M/s, Avg Speed: 0.00 M/s, Max Resolution: None
Category: ☘️北京频道, Name: 北京新闻, Total: 26, Valid: 8, Valid Percent: 30.77%, Whitelist: 0, IPv4: 0, IPv6: 26, Min Delay: 0.1 ms, Max Speed: 0.00 M/s, Avg Speed: 0.00 M/s, Max Resolution: 1920x1080
Category: ☘️北京频道, Name: 北京生活, Total: 21, Valid: 3, Valid Percent: 14.29%, Whitelist: 0, IPv4: 0, IPv6: 21, Min Delay: 0.1 ms, Max Speed: 0.00 M/s, Avg Speed: 0.00 M/s, Max Resolution: 1920x1080
Category: ☘️北京频道, Name: 北京财经, Total: 21, Valid: 3, Valid Percent: 14.29%, Whitelist: 0, IPv4: 0, IPv6: 21, Min Delay: 0.1 ms, Max Speed: 0.00 M/s, Avg Speed: 0.00 M/s, Max Resolution: 1920x1080
Category: ☘️上海频道, Name: 七彩戏剧, Total: 2, Valid: 2, Valid Percent: 100.00%, Whitelist: 0, IPv4: 0, IPv6: 2, Min Delay: 0.1 ms, Max Speed: 0.00 M/s, Avg Speed: 0.00 M/s, Max Resolution: 1920x1080
Category: ☘️上海频道, Name: 上海外语, Total: 3, Valid: 3, Valid Percent: 100.00%, Whitelist: 0, IPv4: 0, IPv6: 3, Min Delay: 0.1 ms, Max Speed: 0.00 M/s, Avg Speed: 0.00 M/s, Max Resolution: 1920x1080
Category: ☘️上海频道, Name: 上海新闻综合, Total: 29, Valid: 1, Valid Percent: 3.45%, Whitelist: 0, IPv4: 0, IPv6: 29, Min Delay: 0.1 ms, Max Speed: 0.00 M/s, Avg Speed: 0.00 M/s, Max Resolution: 1920x1080
Category: ☘️上海频道, Name: 上海第一财经, Total: 23, Valid: 0, Valid Percent: 0.00%, Whitelist: 0, IPv4: 0, IPv6: 23, Min Delay: -1 ms, Max Speed: 0.00 M/s, Avg Speed: 0.00 M/s, Max Resolution: None
Category: ☘️上海频道, Name: 上海纪实, Total: 7, Valid: 3, Valid Percent: 42.86%, Whitelist: 0, IPv4: 0, IPv6: 7, Min Delay: 0.1 ms, Max Speed: 0.00 M/s, Avg Speed: 0.00 M/s, Max Resolution: 1920x1080
Category: ☘️上海频道, Name: 上海都市, Total: 32, Valid: 12, Valid Percent: 37.50%, Whitelist: 0, IPv4: 0, IPv6: 32, Min Delay: 0.1 ms, Max Speed: 0.00 M/s, Avg Speed: 0.00 M/s, Max Resolution: 1920x1080
Category: ☘️上海频道, Name: 东方影视, Total: 12, Valid: 7, Valid Percent: 58.33%, Whitelist: 0, IPv4: 0, IPv6: 12, Min Delay: 0.1 ms, Max Speed: 0.00 M/s, Avg Speed: 0.00 M/s, Max Resolution: 1920x1080
Category: ☘️上海频道, Name: 东方财经, Total: 2, Valid: 2, Valid Percent: 100.00%, Whitelist: 0, IPv4: 0, IPv6: 2, Min Delay: 0.1 ms, Max Speed: 0.00 M/s, Avg Speed: 0.00 M/s, Max Resolution: 1920x1080
Category: ☘️上海频道, Name: 全纪实, Total: 1, Valid: 0, Valid Percent: 0.00%, Whitelist: 0, IPv4: 1, IPv6: 0, Min Delay: 499 ms, Max Speed: 0.00 M/s, Avg Speed: 0.00 M/s, Max Resolution: None
Category: ☘️上海频道, Name: 动漫秀场, Total: 21, Valid: 15, Valid Percent: 71.43%, Whitelist: 0, IPv4: 0, IPv6: 21, Min Delay: 0.1 ms, Max Speed: 0.00 M/s, Avg Speed: 0.00 M/s, Max Resolution: 1920x1080
Category: ☘️上海频道, Name: 哈哈炫动, Total: 41, Valid: 19, Valid Percent: 46.34%, Whitelist: 0, IPv4: 0, IPv6: 41, Min Delay: 0.1 ms, Max Speed: 0.00 M/s, Avg Speed: 0.00 M/s, Max Resolution: 1920x1080
Category: ☘️上海频道, Name: 新闻综合, Total: 21, Valid: 15, Valid Percent: 71.43%, Whitelist: 0, IPv4: 2, IPv6: 19, Min Delay: 0.1 ms, Max Speed: 0.96 M/s, Avg Speed: 0.11 M/s, Max Resolution: 1920x1080
Category: ☘️上海频道, Name: 欢笑剧场, Total: 10, Valid: 3, Valid Percent: 30.00%, Whitelist: 0, IPv4: 0, IPv6: 10, Min Delay: 0.1 ms, Max Speed: 0.00 M/s, Avg Speed: 0.00 M/s, Max Resolution: 1920x1080
Category: ☘️上海频道, Name: 法治天地, Total: 9, Valid: 2, Valid Percent: 22.22%, Whitelist: 0, IPv4: 0, IPv6: 9, Min Delay: 0.1 ms, Max Speed: 0.00 M/s, Avg Speed: 0.00 M/s, Max Resolution: 1920x1080
Category: ☘️上海频道, Name: 生活时尚, Total: 10, Valid: 5, Valid Percent: 50.00%, Whitelist: 0, IPv4: 0, IPv6: 10, Min Delay: 0.1 ms, Max Speed: 0.00 M/s, Avg Speed: 0.00 M/s, Max Resolution: 1920x1080
Category: ☘️上海频道, Name: 第一财经, Total: 19, Valid: 15, Valid Percent: 78.95%, Whitelist: 0, IPv4: 1, IPv6: 18, Min Delay: 0.1 ms, Max Speed: 0.06 M/s, Avg Speed: 0.00 M/s, Max Resolution: 1920x1080
Category: ☘️上海频道, Name: 纪实人文, Total: 3, Valid: 0, Valid Percent: 0.00%, Whitelist: 0, IPv4: 0, IPv6: 3, Min Delay: -1 ms, Max Speed: 0.00 M/s, Avg Speed: 0.00 M/s, Max Resolution: None
Category: ☘️上海频道, Name: 都市剧场, Total: 9, Valid: 0, Valid Percent: 0.00%, Whitelist: 0, IPv4: 0, IPv6: 9, Min Delay: -1 ms, Max Speed: 0.00 M/s, Avg Speed: 0.00 M/s, Max Resolution: None
Category: ☘️湖北频道, Name: 湖北综合, Total: 3, Valid: 3, Valid Percent: 100.00%, Whitelist: 0, IPv4: 0, IPv6: 3, Min Delay: 0.1 ms, Max Speed: 0.00 M/s, Avg Speed: 0.00 M/s, Max Resolution: 1920x1080
Category: ☘️湖北频道, Name: 湖北经视, Total: 3, Valid: 2, Valid Percent: 66.67%, Whitelist: 0, IPv4: 0, IPv6: 3, Min Delay: 0.1 ms, Max Speed: 0.00 M/s, Avg Speed: 0.00 M/s, Max Resolution: 1920x1080
Category: ☘️湖北频道, Name: 湖北生活, Total: 5, Valid: 4, Valid Percent: 80.00%, Whitelist: 0, IPv4: 0, IPv6: 5, Min Delay: 0.1 ms, Max Speed: 0.00 M/s, Avg Speed: 0.00 M/s, Max Resolution: 1920x1080
Category: ☘️湖北频道, Name: 湖北教育, Total: 3, Valid: 3, Valid Percent: 100.00%, Whitelist: 0, IPv4: 0, IPv6: 3, Min Delay: 0.1 ms, Max Speed: 0.00 M/s, Avg Speed: 0.00 M/s, Max Resolution: 1920x1080
Category: ☘️湖北频道, Name: 湖北影视, Total: 4, Valid: 2, Valid Percent: 50.00%, Whitelist: 0, IPv4: 0, IPv6: 4, Min Delay: 0.1 ms, Max Speed: 0.00 M/s, Avg Speed: 0.00 M/s, Max Resolution: 1920x1080
Category: ☘️湖北频道, Name: 湖北公共, Total: 4, Valid: 4, Valid Percent: 100.00%, Whitelist: 0, IPv4: 0, IPv6: 4, Min Delay: 0.1 ms, Max Speed: 0.00 M/s, Avg Speed: 0.00 M/s, Max Resolution: 1920x1080
Category: ☘️湖北频道, Name: 湖北垄上, Total: 4, Valid: 4, Valid Percent: 100.00%, Whitelist: 0, IPv4: 0, IPv6: 4, Min Delay: 0.1 ms, Max Speed: 0.00 M/s, Avg Speed: 0.00 M/s, Max Resolution: 1920x1080
Category: ☘️湖北频道, Name: 武汉一台新闻综合, Total: 4, Valid: 4, Valid Percent: 100.00%, Whitelist: 0, IPv4: 0, IPv6: 4, Min Delay: 0.1 ms, Max Speed: 0.00 M/s, Avg Speed: 0.00 M/s, Max Resolution: 1920x1080
Category: ☘️湖北频道, Name: 武汉二台电视剧, Total: 2, Valid: 2, Valid Percent: 100.00%, Whitelist: 0, IPv4: 0, IPv6: 2, Min Delay: 0.1 ms, Max Speed: 0.00 M/s, Avg Speed: 0.00 M/s, Max Resolution: 1920x1080
Category: ☘️湖北频道, Name: 武汉四台经济, Total: 1, Valid: 1, Valid Percent: 100.00%, Whitelist: 0, IPv4: 0, IPv6: 1, Min Delay: 0.1 ms, Max Speed: 0.00 M/s, Avg Speed: 0.00 M/s, Max Resolution: 1920x1080
Category: ☘️湖北频道, Name: 武汉教育, Total: 8, Valid: 8, Valid Percent: 100.00%, Whitelist: 0, IPv4: 0, IPv6: 8, Min Delay: 0.1 ms, Max Speed: 0.00 M/s, Avg Speed: 0.00 M/s, Max Resolution: 1920x1080
Category: ☘️湖北频道, Name: 武汉文体, Total: 1, Valid: 1, Valid Percent: 100.00%, Whitelist: 0, IPv4: 1, IPv6: 0, Min Delay: 1433 ms, Max Speed: 0.22 M/s, Avg Speed: 0.22 M/s, Max Resolution: None
Category: ☘️湖北频道, Name: 江夏新闻综合, Total: 1, Valid: 1, Valid Percent: 100.00%, Whitelist: 0, IPv4: 0, IPv6: 1, Min Delay: 0.1 ms, Max Speed: 0.00 M/s, Avg Speed: 0.00 M/s, Max Resolution: 1920x1080
Category: ☘️湖北频道, Name: 十堰新闻, Total: 4, Valid: 4, Valid Percent: 100.00%, Whitelist: 0, IPv4: 0, IPv6: 4, Min Delay: 0.1 ms, Max Speed: 0.00 M/s, Avg Speed: 0.00 M/s, Max Resolution: 1920x1080
Category: ☘️湖北频道, Name: 荆门新闻综合, Total: 8, Valid: 8, Valid Percent: 100.00%, Whitelist: 0, IPv4: 0, IPv6: 8, Min Delay: 0.1 ms, Max Speed: 0.00 M/s, Avg Speed: 0.00 M/s, Max Resolution: 1920x1080
Category: ☘️湖北频道, Name: 云梦综合, Total: 1, Valid: 1, Valid Percent: 100.00%, Whitelist: 0, IPv4: 1, IPv6: 0, Min Delay: 2066 ms, Max Speed: 0.50 M/s, Avg Speed: 0.50 M/s, Max Resolution: 1920x1080
Category: 🌊港·澳·台, Name: 翡翠台, Total: 106, Valid: 22, Valid Percent: 20.75%, Whitelist: 0, IPv4: 5, IPv6: 101, Min Delay: 0.1 ms, Max Speed: 46.42 M/s, Avg Speed: 3.78 M/s, Max Resolution: 1920x1080
Category: 🌊港·澳·台, Name: 明珠台, Total: 52, Valid: 0, Valid Percent: 0.00%, Whitelist: 0, IPv4: 0, IPv6: 52, Min Delay: -1 ms, Max Speed: 0.00 M/s, Avg Speed: 0.00 M/s, Max Resolution: None
Category: 🌊港·澳·台, Name: 凤凰中文, Total: 85, Valid: 24, Valid Percent: 28.24%, Whitelist: 0, IPv4: 5, IPv6: 80, Min Delay: 0.1 ms, Max Speed: 49.44 M/s, Avg Speed: 2.90 M/s, Max Resolution: 1920x1080
Category: 🌊港·澳·台, Name: 凤凰资讯, Total: 91, Valid: 37, Valid Percent: 40.66%, Whitelist: 0, IPv4: 2, IPv6: 89, Min Delay: 0.1 ms, Max Speed: 38.55 M/s, Avg Speed: 1.04 M/s, Max Resolution: 1920x1080
Category: 🌊港·澳·台, Name: 凤凰香港, Total: 66, Valid: 17, Valid Percent: 25.76%, Whitelist: 0, IPv4: 2, IPv6: 64, Min Delay: 0.1 ms, Max Speed: 41.90 M/s, Avg Speed: 3.31 M/s, Max Resolution: 1920x1080
Category: 🌊港·澳·台, Name: 凤凰卫视, Total: 7, Valid: 4, Valid Percent: 57.14%, Whitelist: 0, IPv4: 0, IPv6: 7, Min Delay: 0.1 ms, Max Speed: 0.00 M/s, Avg Speed: 0.00 M/s, Max Resolution: 1920x1080
Category: 🌊港·澳·台, Name: TVBS亚洲, Total: 2, Valid: 1, Valid Percent: 50.00%, Whitelist: 0, IPv4: 0, IPv6: 2, Min Delay: 0.1 ms, Max Speed: 0.00 M/s, Avg Speed: 0.00 M/s, Max Resolution: 1920x1080
Category: 🌊港·澳·台, Name: 香港卫视, Total: 13, Valid: 5, Valid Percent: 38.46%, Whitelist: 0, IPv4: 0, IPv6: 13, Min Delay: 0.1 ms, Max Speed: 0.00 M/s, Avg Speed: 0.00 M/s, Max Resolution: 1920x1080
Category: 🌊港·澳·台, Name: 纬来体育, Total: 12, Valid: 9, Valid Percent: 75.00%, Whitelist: 0, IPv4: 4, IPv6: 8, Min Delay: 0.1 ms, Max Speed: 14.00 M/s, Avg Speed: 5.79 M/s, Max Resolution: 1920x1080
Category: 🌊港·澳·台, Name: 纬来育乐, Total: 15, Valid: 1, Valid Percent: 6.67%, Whitelist: 0, IPv4: 1, IPv6: 14, Min Delay: 22 ms, Max Speed: 13.90 M/s, Avg Speed: 13.90 M/s, Max Resolution: 1920x1080
Category: 🌊港·澳·台, Name: J2, Total: 2, Valid: 1, Valid Percent: 50.00%, Whitelist: 0, IPv4: 0, IPv6: 2, Min Delay: 0.1 ms, Max Speed: 0.00 M/s, Avg Speed: 0.00 M/s, Max Resolution: 1920x1080
Category: 🌊港·澳·台, Name: Viutv, Total: 2, Valid: 2, Valid Percent: 100.00%, Whitelist: 0, IPv4: 1, IPv6: 1, Min Delay: 0.1 ms, Max Speed: 12.71 M/s, Avg Speed: 6.35 M/s, Max Resolution: 1920x1080
Category: 🌊港·澳·台, Name: 三立台湾, Total: 2, Valid: 2, Valid Percent: 100.00%, Whitelist: 0, IPv4: 1, IPv6: 1, Min Delay: 0.1 ms, Max Speed: 13.87 M/s, Avg Speed: 6.94 M/s, Max Resolution: 1920x1080
Category: 🌊港·澳·台, Name: 无线新闻, Total: 5, Valid: 5, Valid Percent: 100.00%, Whitelist: 0, IPv4: 0, IPv6: 5, Min Delay: 0.1 ms, Max Speed: 0.00 M/s, Avg Speed: 0.00 M/s, Max Resolution: 1920x1080
Category: 🌊港·澳·台, Name: 三立新闻, Total: 10, Valid: 6, Valid Percent: 60.00%, Whitelist: 0, IPv4: 1, IPv6: 9, Min Delay: 0.1 ms, Max Speed: 12.14 M/s, Avg Speed: 2.02 M/s, Max Resolution: 1920x1080
Category: 🌊港·澳·台, Name: 东森综合, Total: 5, Valid: 4, Valid Percent: 80.00%, Whitelist: 0, IPv4: 3, IPv6: 2, Min Delay: 0.1 ms, Max Speed: 14.21 M/s, Avg Speed: 10.02 M/s, Max Resolution: 1920x1080
Category: 🌊港·澳·台, Name: 东森超视, Total: 13, Valid: 8, Valid Percent: 61.54%, Whitelist: 0, IPv4: 3, IPv6: 10, Min Delay: 0.1 ms, Max Speed: 14.30 M/s, Avg Speed: 5.04 M/s, Max Resolution: 1920x1080
Category: 🌊港·澳·台, Name: 东森电影, Total: 7, Valid: 5, Valid Percent: 71.43%, Whitelist: 0, IPv4: 1, IPv6: 6, Min Delay: 0.1 ms, Max Speed: 15.13 M/s, Avg Speed: 3.03 M/s, Max Resolution: 1920x1080
Category: 🌊港·澳·台, Name: Now剧集, Total: 1, Valid: 0, Valid Percent: 0.00%, Whitelist: 0, IPv4: 0, IPv6: 1, Min Delay: -1 ms, Max Speed: 0.00 M/s, Avg Speed: 0.00 M/s, Max Resolution: None
Category: 🌊港·澳·台, Name: 靖天资讯, Total: 24, Valid: 1, Valid Percent: 4.17%, Whitelist: 0, IPv4: 1, IPv6: 23, Min Delay: 21 ms, Max Speed: 14.72 M/s, Avg Speed: 14.72 M/s, Max Resolution: 1920x1080
Category: 🎬电影频道, Name: CHC家庭影院, Total: 32, Valid: 7, Valid Percent: 21.88%, Whitelist: 0, IPv4: 0, IPv6: 32, Min Delay: 0.1 ms, Max Speed: 0.00 M/s, Avg Speed: 0.00 M/s, Max Resolution: 1920x1080
Category: 🎬电影频道, Name: CHC动作电影, Total: 35, Valid: 15, Valid Percent: 42.86%, Whitelist: 0, IPv4: 0, IPv6: 35, Min Delay: 0.1 ms, Max Speed: 0.00 M/s, Avg Speed: 0.00 M/s, Max Resolution: 1920x1080
Category: 🎬电影频道, Name: CHC高清电影, Total: 6, Valid: 3, Valid Percent: 50.00%, Whitelist: 0, IPv4: 6, IPv6: 0, Min Delay: 3001 ms, Max Speed: 0.06 M/s, Avg Speed: 0.03 M/s, Max Resolution: 1920x1080
Category: 🎬电影频道, Name: 淘剧场, Total: 5, Valid: 2, Valid Percent: 40.00%, Whitelist: 0, IPv4: 0, IPv6: 5, Min Delay: 0.1 ms, Max Speed: 0.00 M/s, Avg Speed: 0.00 M/s, Max Resolution: 1920x1080
Category: 🎬电影频道, Name: 淘娱乐, Total: 5, Valid: 2, Valid Percent: 40.00%, Whitelist: 0, IPv4: 0, IPv6: 5, Min Delay: 0.1 ms, Max Speed: 0.00 M/s, Avg Speed: 0.00 M/s, Max Resolution: 1920x1080
Category: 🎬电影频道, Name: 淘电影, Total: 17, Valid: 17, Valid Percent: 100.00%, Whitelist: 0, IPv4: 0, IPv6: 17, Min Delay: 0.1 ms, Max Speed: 0.00 M/s, Avg Speed: 0.00 M/s, Max Resolution: 1920x1080
Category: 🎬电影频道, Name: NewTV惊悚悬疑, Total: 9, Valid: 1, Valid Percent: 11.11%, Whitelist: 0, IPv4: 0, IPv6: 9, Min Delay: 0.1 ms, Max Speed: 0.00 M/s, Avg Speed: 0.00 M/s, Max Resolution: 1920x1080
Category: 🎬电影频道, Name: NewTV动作电影, Total: 3, Valid: 1, Valid Percent: 33.33%, Whitelist: 0, IPv4: 0, IPv6: 3, Min Delay: 0.1 ms, Max Speed: 0.00 M/s, Avg Speed: 0.00 M/s, Max Resolution: 1920x1080
Category: 🎬电影频道, Name: 黑莓电影, Total: 13, Valid: 9, Valid Percent: 69.23%, Whitelist: 0, IPv4: 0, IPv6: 13, Min Delay: 0.1 ms, Max Speed: 0.00 M/s, Avg Speed: 0.00 M/s, Max Resolution: 1920x1080
Category: 🎬电影频道, Name: 纬来电影, Total: 19, Valid: 0, Valid Percent: 0.00%, Whitelist: 0, IPv4: 0, IPv6: 19, Min Delay: -1 ms, Max Speed: 0.00 M/s, Avg Speed: 0.00 M/s, Max Resolution: None
Category: 🎬电影频道, Name: 靖天映画, Total: 8, Valid: 1, Valid Percent: 12.50%, Whitelist: 0, IPv4: 1, IPv6: 7, Min Delay: 22 ms, Max Speed: 13.82 M/s, Avg Speed: 13.82 M/s, Max Resolution: 1920x1080
Category: 🎬电影频道, Name: 靖天戏剧, Total: 23, Valid: 2, Valid Percent: 8.70%, Whitelist: 0, IPv4: 1, IPv6: 22, Min Delay: 0.1 ms, Max Speed: 13.80 M/s, Avg Speed: 6.90 M/s, Max Resolution: 1920x1080
Category: 🎬电影频道, Name: 经典电影, Total: 10, Valid: 7, Valid Percent: 70.00%, Whitelist: 0, IPv4: 1, IPv6: 9, Min Delay: 0.1 ms, Max Speed: 14.06 M/s, Avg Speed: 2.01 M/s, Max Resolution: 1920x1080
Category: 🎬电影频道, Name: IPTV经典电影, Total: 1, Valid: 1, Valid Percent: 100.00%, Whitelist: 0, IPv4: 1, IPv6: 0, Min Delay: 41 ms, Max Speed: 10.42 M/s, Avg Speed: 10.42 M/s, Max Resolution: 1920x1080
Category: 🎬电影频道, Name: 天映经典, Total: 25, Valid: 1, Valid Percent: 4.00%, Whitelist: 0, IPv4: 1, IPv6: 24, Min Delay: 25 ms, Max Speed: 12.54 M/s, Avg Speed: 12.54 M/s, Max Resolution: 1920x1080
Category: 🎬电影频道, Name: 无线星河, Total: 8, Valid: 1, Valid Percent: 12.50%, Whitelist: 0, IPv4: 0, IPv6: 8, Min Delay: 0.1 ms, Max Speed: 0.00 M/s, Avg Speed: 0.00 M/s, Max Resolution: 1920x1080
Category: 🎬电影频道, Name: 星空卫视, Total: 5, Valid: 2, Valid Percent: 40.00%, Whitelist: 0, IPv4: 1, IPv6: 4, Min Delay: 0.1 ms, Max Speed: 12.36 M/s, Avg Speed: 6.18 M/s, Max Resolution: 1920x1080
Category: 🎬电影频道, Name: 东森电影, Total: 6, Valid: 4, Valid Percent: 66.67%, Whitelist: 0, IPv4: 0, IPv6: 6, Min Delay: 0.1 ms, Max Speed: 0.00 M/s, Avg Speed: 0.00 M/s, Max Resolution: 1920x1080
Category: 🎬电影频道, Name: 龙祥电影, Total: 2, Valid: 0, Valid Percent: 0.00%, Whitelist: 0, IPv4: 0, IPv6: 2, Min Delay: -1 ms, Max Speed: 0.00 M/s, Avg Speed: 0.00 M/s, Max Resolution: None
Category: 🎬电影频道, Name: 东森洋片, Total: 17, Valid: 1, Valid Percent: 5.88%, Whitelist: 0, IPv4: 1, IPv6: 16, Min Delay: 25 ms, Max Speed: 12.18 M/s, Avg Speed: 12.18 M/s, Max Resolution: 1920x1080
Category: 🎬电影频道, Name: 东森超视, Total: 10, Valid: 5, Valid Percent: 50.00%, Whitelist: 0, IPv4: 0, IPv6: 10, Min Delay: 0.1 ms, Max Speed: 0.00 M/s, Avg Speed: 0.00 M/s, Max Resolution: 1920x1080
Category: 🏀体育频道, Name: CCTV-5, Total: 101, Valid: 23, Valid Percent: 22.77%, Whitelist: 0, IPv4: 0, IPv6: 101, Min Delay: 0.1 ms, Max Speed: 0.00 M/s, Avg Speed: 0.00 M/s, Max Resolution: 1920x1080
Category: 🏀体育频道, Name: CCTV-5+, Total: 43, Valid: 28, Valid Percent: 65.12%, Whitelist: 0, IPv4: 0, IPv6: 43, Min Delay: 0.1 ms, Max Speed: 0.00 M/s, Avg Speed: 0.00 M/s, Max Resolution: 1920x1080
Category: 🏀体育频道, Name: 广东体育, Total: 60, Valid: 10, Valid Percent: 16.67%, Whitelist: 0, IPv4: 1, IPv6: 59, Min Delay: 0.1 ms, Max Speed: 1.90 M/s, Avg Speed: 0.19 M/s, Max Resolution: 1920x1080
Category: 🏀体育频道, Name: 纬来体育, Total: 8, Valid: 5, Valid Percent: 62.50%, Whitelist: 0, IPv4: 0, IPv6: 8, Min Delay: 0.1 ms, Max Speed: 0.00 M/s, Avg Speed: 0.00 M/s, Max Resolution: 1920x1080
Category: 🏀体育频道, Name: 五星体育, Total: 45, Valid: 18, Valid Percent: 40.00%, Whitelist: 0, IPv4: 0, IPv6: 45, Min Delay: 0.1 ms, Max Speed: 0.00 M/s, Avg Speed: 0.00 M/s, Max Resolution: 1920x1080
Category: 🏀体育频道, Name: 劲爆体育, Total: 6, Valid: 6, Valid Percent: 100.00%, Whitelist: 0, IPv4: 0, IPv6: 6, Min Delay: 0.1 ms, Max Speed: 0.00 M/s, Avg Speed: 0.00 M/s, Max Resolution: 1920x1080
Category: 🏀体育频道, Name: 爱体育, Total: 5, Valid: 4, Valid Percent: 80.00%, Whitelist: 0, IPv4: 0, IPv6: 5, Min Delay: 0.1 ms, Max Speed: 0.00 M/s, Avg Speed: 0.00 M/s, Max Resolution: 1920x1080
Category: 🏀体育频道, Name: 超级体育, Total: 7, Valid: 6, Valid Percent: 85.71%, Whitelist: 0, IPv4: 0, IPv6: 7, Min Delay: 0.1 ms, Max Speed: 0.00 M/s, Avg Speed: 0.00 M/s, Max Resolution: 1920x1080
Category: 🏀体育频道, Name: 精品体育, Total: 7, Valid: 5, Valid Percent: 71.43%, Whitelist: 0, IPv4: 0, IPv6: 7, Min Delay: 0.1 ms, Max Speed: 0.00 M/s, Avg Speed: 0.00 M/s, Max Resolution: 1920x1080
Category: 🏀体育频道, Name: 广州竞赛, Total: 20, Valid: 10, Valid Percent: 50.00%, Whitelist: 0, IPv4: 0, IPv6: 20, Min Delay: 0.1 ms, Max Speed: 0.00 M/s, Avg Speed: 0.00 M/s, Max Resolution: 1920x1080
Category: 🏀体育频道, Name: 辽宁体育, Total: 2, Valid: 2, Valid Percent: 100.00%, Whitelist: 0, IPv4: 0, IPv6: 2, Min Delay: 0.1 ms, Max Speed: 0.00 M/s, Avg Speed: 0.00 M/s, Max Resolution: 1920x1080
Category: 🏀体育频道, Name: 山东体育, Total: 11, Valid: 10, Valid Percent: 90.91%, Whitelist: 0, IPv4: 0, IPv6: 11, Min Delay: 0.1 ms, Max Speed: 0.00 M/s, Avg Speed: 0.00 M/s, Max Resolution: 1920x1080
Category: 🏀体育频道, Name: 天津体育, Total: 1, Valid: 1, Valid Percent: 100.00%, Whitelist: 0, IPv4: 1, IPv6: 0, Min Delay: 572 ms, Max Speed: 0.46 M/s, Avg Speed: 0.46 M/s, Max Resolution: None
Category: 🏀体育频道, Name: 江苏体育, Total: 26, Valid: 0, Valid Percent: 0.00%, Whitelist: 0, IPv4: 0, IPv6: 26, Min Delay: -1 ms, Max Speed: 0.00 M/s, Avg Speed: 0.00 M/s, Max Resolution: None
Category: 🏀体育频道, Name: 安徽综艺体育, Total: 5, Valid: 4, Valid Percent: 80.00%, Whitelist: 0, IPv4: 0, IPv6: 5, Min Delay: 0.1 ms, Max Speed: 0.00 M/s, Avg Speed: 0.00 M/s, Max Resolution: 1920x1080
Category: 🏀体育频道, Name: 睛彩篮球, Total: 2, Valid: 1, Valid Percent: 50.00%, Whitelist: 0, IPv4: 0, IPv6: 2, Min Delay: 0.1 ms, Max Speed: 0.00 M/s, Avg Speed: 0.00 M/s, Max Resolution: 1920x1080
Category: 🏀体育频道, Name: 睛彩广场舞, Total: 10, Valid: 0, Valid Percent: 0.00%, Whitelist: 0, IPv4: 0, IPv6: 10, Min Delay: -1 ms, Max Speed: 0.00 M/s, Avg Speed: 0.00 M/s, Max Resolution: None
Category: 🏀体育频道, Name: 风云足球, Total: 5, Valid: 4, Valid Percent: 80.00%, Whitelist: 0, IPv4: 0, IPv6: 5, Min Delay: 0.1 ms, Max Speed: 0.00 M/s, Avg Speed: 0.00 M/s, Max Resolution: 1920x1080
Category: 🏀体育频道, Name: 魅力足球, Total: 10, Valid: 7, Valid Percent: 70.00%, Whitelist: 0, IPv4: 0, IPv6: 10, Min Delay: 0.1 ms, Max Speed: 0.00 M/s, Avg Speed: 0.00 M/s, Max Resolution: 1920x1080
Category: 🏀体育频道, Name: 天元围棋, Total: 1, Valid: 0, Valid Percent: 0.00%, Whitelist: 0, IPv4: 0, IPv6: 1, Min Delay: -1 ms, Max Speed: 0.00 M/s, Avg Speed: 0.00 M/s, Max Resolution: None
Category: 🏀体育频道, Name: 快乐垂钓, Total: 4, Valid: 1, Valid Percent: 25.00%, Whitelist: 0, IPv4: 0, IPv6: 4, Min Delay: 0.1 ms, Max Speed: 0.00 M/s, Avg Speed: 0.00 M/s, Max Resolution: 1920x1080
Category: 🏀体育频道, Name: JJ斗地主, Total: 1, Valid: 0, Valid Percent: 0.00%, Whitelist: 0, IPv4: 0, IPv6: 1, Min Delay: -1 ms, Max Speed: 0.00 M/s, Avg Speed: 0.00 M/s, Max Resolution: None
Category: 🪁动画频道, Name: 卡酷动画, Total: 28, Valid: 0, Valid Percent: 0.00%, Whitelist: 0, IPv4: 0, IPv6: 28, Min Delay: -1 ms, Max Speed: 0.00 M/s, Avg Speed: 0.00 M/s, Max Resolution: None
Category: 🪁动画频道, Name: 动漫秀场, Total: 21, Valid: 15, Valid Percent: 71.43%, Whitelist: 0, IPv4: 0, IPv6: 21, Min Delay: 0.1 ms, Max Speed: 0.00 M/s, Avg Speed: 0.00 M/s, Max Resolution: 1920x1080
Category: 🪁动画频道, Name: 新动漫, Total: 5, Valid: 0, Valid Percent: 0.00%, Whitelist: 0, IPv4: 0, IPv6: 5, Min Delay: -1 ms, Max Speed: 0.00 M/s, Avg Speed: 0.00 M/s, Max Resolution: None
Category: 🪁动画频道, Name: 青春动漫, Total: 2, Valid: 2, Valid Percent: 100.00%, Whitelist: 0, IPv4: 0, IPv6: 2, Min Delay: 0.1 ms, Max Speed: 0.00 M/s, Avg Speed: 0.00 M/s, Max Resolution: 1920x1080
Category: 🪁动画频道, Name: 爱动漫, Total: 5, Valid: 4, Valid Percent: 80.00%, Whitelist: 0, IPv4: 0, IPv6: 5, Min Delay: 0.1 ms, Max Speed: 0.00 M/s, Avg Speed: 0.00 M/s, Max Resolution: 1920x1080
Category: 🪁动画频道, Name: 宝宝动画, Total: 1, Valid: 1, Valid Percent: 100.00%, Whitelist: 0, IPv4: 0, IPv6: 1, Min Delay: 0.1 ms, Max Speed: 0.00 M/s, Avg Speed: 0.00 M/s, Max Resolution: 1920x1080
Category: 🪁动画频道, Name: CN卡通, Total: 4, Valid: 3, Valid Percent: 75.00%, Whitelist: 0, IPv4: 1, IPv6: 3, Min Delay: 0.1 ms, Max Speed: 14.06 M/s, Avg Speed: 4.69 M/s, Max Resolution: 1920x1080
Category: 🪁动画频道, Name: 优漫卡通, Total: 14, Valid: 10, Valid Percent: 71.43%, Whitelist: 0, IPv4: 0, IPv6: 14, Min Delay: 0.1 ms, Max Speed: 0.00 M/s, Avg Speed: 0.00 M/s, Max Resolution: 1920x1080
Category: 🪁动画频道, Name: 金鹰卡通, Total: 41, Valid: 32, Valid Percent: 78.05%, Whitelist: 0, IPv4: 0, IPv6: 41, Min Delay: 0.1 ms, Max Speed: 0.00 M/s, Avg Speed: 0.00 M/s, Max Resolution: 1920x1080
Category: 🪁动画频道, Name: 黑莓动画, Total: 8, Valid: 6, Valid Percent: 75.00%, Whitelist: 0, IPv4: 0, IPv6: 8, Min Delay: 0.1 ms, Max Speed: 0.00 M/s, Avg Speed: 0.00 M/s, Max Resolution: 1920x1080
Category: 🪁动画频道, Name: 炫动卡通, Total: 26, Valid: 0, Valid Percent: 0.00%, Whitelist: 0, IPv4: 0, IPv6: 26, Min Delay: -1 ms, Max Speed: 0.00 M/s, Avg Speed: 0.00 M/s, Max Resolution: None
Category: 🪁动画频道, Name: 浙江少儿, Total: 16, Valid: 14, Valid Percent: 87.50%, Whitelist: 0, IPv4: 2, IPv6: 14, Min Delay: 0.1 ms, Max Speed: 0.97 M/s, Avg Speed: 0.14 M/s, Max Resolution: 1920x1080
Category: 🪁动画频道, Name: 河北少儿科教, Total: 11, Valid: 8, Valid Percent: 72.73%, Whitelist: 0, IPv4: 0, IPv6: 11, Min Delay: 0.1 ms, Max Speed: 0.00 M/s, Avg Speed: 0.00 M/s, Max Resolution: 1920x1080
Category: 🪁动画频道, Name: 七龙珠, Total: 1, Valid: 0, Valid Percent: 0.00%, Whitelist: 0, IPv4: 0, IPv6: 1, Min Delay: -1 ms, Max Speed: 0.00 M/s, Avg Speed: 0.00 M/s, Max Resolution: None
Category: 🪁动画频道, Name: 火影忍者, Total: 1, Valid: 0, Valid Percent: 0.00%, Whitelist: 0, IPv4: 0, IPv6: 1, Min Delay: -1 ms, Max Speed: 0.00 M/s, Avg Speed: 0.00 M/s, Max Resolution: None
Category: 🪁动画频道, Name: 海绵宝宝, Total: 1, Valid: 1, Valid Percent: 100.00%, Whitelist: 0, IPv4: 0, IPv6: 1, Min Delay: 0.1 ms, Max Speed: 0.00 M/s, Avg Speed: 0.00 M/s, Max Resolution: 1920x1080
Category: 🪁动画频道, Name: 中华小当家, Total: 2, Valid: 2, Valid Percent: 100.00%, Whitelist: 0, IPv4: 0, IPv6: 2, Min Delay: 0.1 ms, Max Speed: 0.00 M/s, Avg Speed: 0.00 M/s, Max Resolution: 1920x1080
Category: 🪁动画频道, Name: 猫和老鼠, Total: 2, Valid: 2, Valid Percent: 100.00%, Whitelist: 0, IPv4: 0, IPv6: 2, Min Delay: 0.1 ms, Max Speed: 0.00 M/s, Avg Speed: 0.00 M/s, Max Resolution: 1920x1080
Category: 🪁动画频道, Name: 经典动漫, Total: 2, Valid: 2, Valid Percent: 100.00%, Whitelist: 0, IPv4: 0, IPv6: 2, Min Delay: 0.1 ms, Max Speed: 0.00 M/s, Avg Speed: 0.00 M/s, Max Resolution: 1920x1080
Category: 🪁动画频道, Name: 蜡笔小新, Total: 1, Valid: 1, Valid Percent: 100.00%, Whitelist: 0, IPv4: 1, IPv6: 0, Min Delay: 45 ms, Max Speed: 9.72 M/s, Avg Speed: 9.72 M/s, Max Resolution: 1920x1080
Category: 🪁动画频道, Name: 漫画解说, Total: 4, Valid: 2, Valid Percent: 50.00%, Whitelist: 0, IPv4: 0, IPv6: 4, Min Delay: 0.1 ms, Max Speed: 0.00 M/s, Avg Speed: 0.00 M/s, Max Resolution: 1920x1080
Category: 🎮游戏频道, Name: 游戏风云, Total: 4, Valid: 4, Valid Percent: 100.00%, Whitelist: 0, IPv4: 0, IPv6: 4, Min Delay: 0.1 ms, Max Speed: 0.00 M/s, Avg Speed: 0.00 M/s, Max Resolution: 1920x1080
Category: 🎮游戏频道, Name: 电竞天堂, Total: 1, Valid: 1, Valid Percent: 100.00%, Whitelist: 0, IPv4: 0, IPv6: 1, Min Delay: 0.1 ms, Max Speed: 0.00 M/s, Avg Speed: 0.00 M/s, Max Resolution: 1920x1080
Category: 🎮游戏频道, Name: 爱电竞, Total: 1, Valid: 1, Valid Percent: 100.00%, Whitelist: 0, IPv4: 0, IPv6: 1, Min Delay: 0.1 ms, Max Speed: 0.00 M/s, Avg Speed: 0.00 M/s, Max Resolution: 1920x1080
Category: 🏛经典剧场, Name: 笑傲江湖, Total: 3, Valid: 3, Valid Percent: 100.00%, Whitelist: 0, IPv4: 0, IPv6: 3, Min Delay: 0.1 ms, Max Speed: 0.00 M/s, Avg Speed: 0.00 M/s, Max Resolution: 1920x1080
Category: 🏛经典剧场, Name: 天龙八部, Total: 4, Valid: 4, Valid Percent: 100.00%, Whitelist: 0, IPv4: 0, IPv6: 4, Min Delay: 0.1 ms, Max Speed: 0.00 M/s, Avg Speed: 0.00 M/s, Max Resolution: 1920x1080
Category: 🏛经典剧场, Name: 鹿鼎记, Total: 1, Valid: 1, Valid Percent: 100.00%, Whitelist: 0, IPv4: 0, IPv6: 1, Min Delay: 0.1 ms, Max Speed: 0.00 M/s, Avg Speed: 0.00 M/s, Max Resolution: 1920x1080
Category: 🏛经典剧场, Name: 仙剑奇侠传, Total: 1, Valid: 1, Valid Percent: 100.00%, Whitelist: 0, IPv4: 0, IPv6: 1, Min Delay: 0.1 ms, Max Speed: 0.00 M/s, Avg Speed: 0.00 M/s, Max Resolution: 1920x1080
Category: 🏛经典剧场, Name: 西游记, Total: 3, Valid: 0, Valid Percent: 0.00%, Whitelist: 0, IPv4: 0, IPv6: 3, Min Delay: -1 ms, Max Speed: 0.00 M/s, Avg Speed: 0.00 M/s, Max Resolution: None
Category: 🏛经典剧场, Name: 三国演义, Total: 2, Valid: 2, Valid Percent: 100.00%, Whitelist: 0, IPv4: 0, IPv6: 2, Min Delay: 0.1 ms, Max Speed: 0.00 M/s, Avg Speed: 0.00 M/s, Max Resolution: 1920x1080
Category: 🏛经典剧场, Name: 水浒传, Total: 1, Valid: 1, Valid Percent: 100.00%, Whitelist: 0, IPv4: 0, IPv6: 1, Min Delay: 0.1 ms, Max Speed: 0.00 M/s, Avg Speed: 0.00 M/s, Max Resolution: 1920x1080
Category: 🏛经典剧场, Name: 新白娘子传奇, Total: 4, Valid: 4, Valid Percent: 100.00%, Whitelist: 0, IPv4: 0, IPv6: 4, Min Delay: 0.1 ms, Max Speed: 0.00 M/s, Avg Speed: 0.00 M/s, Max Resolution: 1920x1080
Category: 🏛经典剧场, Name: 济公游记, Total: 1, Valid: 1, Valid Percent: 100.00%, Whitelist: 0, IPv4: 0, IPv6: 1, Min Delay: 0.1 ms, Max Speed: 0.00 M/s, Avg Speed: 0.00 M/s, Max Resolution: 1920x1080
Category: 🏛经典剧场, Name: 封神榜, Total: 3, Valid: 3, Valid Percent: 100.00%, Whitelist: 0, IPv4: 0, IPv6: 3, Min Delay: 0.1 ms, Max Speed: 0.00 M/s, Avg Speed: 0.00 M/s, Max Resolution: 1920x1080
Category: 🏛经典剧场, Name: 上海滩, Total: 2, Valid: 2, Valid Percent: 100.00%, Whitelist: 0, IPv4: 0, IPv6: 2, Min Delay: 0.1 ms, Max Speed: 0.00 M/s, Avg Speed: 0.00 M/s, Max Resolution: 1920x1080
Category: 🏛经典剧场, Name: 射雕英雄传, Total: 1, Valid: 1, Valid Percent: 100.00%, Whitelist: 0, IPv4: 0, IPv6: 1, Min Delay: 0.1 ms, Max Speed: 0.00 M/s, Avg Speed: 0.00 M/s, Max Resolution: 1920x1080
